../Core/Src/ApplicationCode.c:31:6:ApplicationInit	40	static
../Core/Src/ApplicationCode.c:69:6:processTouchIfPending	32	static
../Core/Src/ApplicationCode.c:127:6:LCD_Visual_Demo	8	static
../Core/Src/ApplicationCode.c:133:6:EXTI0_IRQHandler	8	static
../Core/Src/ApplicationCode.c:139:6:HAL_GPIO_EXTI_Callback	24	static
../Core/Src/ApplicationCode.c:168:6:LCD_Touch_Polling_Demo	8	static
../Core/Src/ApplicationCode.c:186:6:LCDTouchScreenInterruptGPIOInit	32	static
../Core/Src/ApplicationCode.c:211:6:EXTI15_10_IRQHandler	16	static
