../Core/Src/LCD_Driver.c:35:6:LCD_GPIO_Init	64	static
../Core/Src/LCD_Driver.c:119:6:LTCD_Layer_Init	72	static
../Core/Src/LCD_Driver.c:146:6:clearScreen	8	static
../Core/Src/LCD_Driver.c:151:6:LTCD__Init	8	static
../Core/Src/LCD_Driver.c:206:13:FillBuffer	32	static
../Core/Src/LCD_Driver.c:232:6:LCD_Draw_Pixel	16	static
../Core/Src/LCD_Driver.c:248:6:LCD_Draw_Circle_Fill	32	static
../Core/Src/LCD_Driver.c:263:6:LCD_Draw_Square_Fill	32	static
../Core/Src/LCD_Driver.c:278:6:LCD_Draw_Vertical_Line	32	static
../Core/Src/LCD_Driver.c:286:6:LCD_Draw_Horizontal_Line	32	static
../Core/Src/LCD_Driver.c:294:6:LCD_Clear	24	static
../Core/Src/LCD_Driver.c:300:6:LCD_SetTextColor	16	static
../Core/Src/LCD_Driver.c:306:6:LCD_SetFont	16	static
../Core/Src/LCD_Driver.c:312:6:LCD_Draw_Char	24	static
../Core/Src/LCD_Driver.c:332:6:LCD_DisplayChar	16	static
../Core/Src/LCD_Driver.c:338:6:visualDemo	16	static
../Core/Src/LCD_Driver.c:381:6:LCD_Error_Handler	4	static,ignoring_inline_asm
../Core/Src/LCD_Driver.c:396:6:InitializeLCDTouch	8	static
../Core/Src/LCD_Driver.c:404:18:returnTouchStateAndLocation	16	static
../Core/Src/LCD_Driver.c:409:6:DetermineTouchPosition	16	static
../Core/Src/LCD_Driver.c:414:9:ReadRegisterFromTouchModule	16	static
../Core/Src/LCD_Driver.c:419:6:WriteDataToTouchModule	16	static
