../Core/Src/SharedPlayer.c:14:13:initGame	40	static
../Core/Src/SharedPlayer.c:55:6:StartScreenTouchLogic	16	static
../Core/Src/SharedPlayer.c:75:6:returnToStart	8	static
../Core/Src/SharedPlayer.c:81:9:checkValidPlacement	32	static
../Core/Src/SharedPlayer.c:119:9:checkValidDisplay	24	static
../Core/Src/SharedPlayer.c:142:9:checkGuessValidPlacement	16	static
../Core/Src/SharedPlayer.c:151:6:placeShips	24	static
../Core/Src/SharedPlayer.c:201:6:buttonCheck	48	static
../Core/Src/SharedPlayer.c:324:6:nextButtonCheck	16	static
../Core/Src/SharedPlayer.c:365:6:AIGuess	88	static
../Core/Src/SharedPlayer.c:437:6:guessButtonCheck	24	static
../Core/Src/SharedPlayer.c:510:9:checkForWin	24	static
